// Jest Snapshot v1, https://goo.gl/fbAQLP

exports[`<Display /> Component should match snapshot 1`] = `
<div
  className="display panel"
>
  <div
    className="led green-led"
    data-testid="unlockedLocked"
  >
    Unlocked
  </div>
  <div
    className="led green-led"
    data-testid="openClosed"
  >
    Open
  </div>
</div>
`;
